\BOOKMARK [0][-]{chapter.1}{\376\377\0001\000\040\000T\000o\000p\000i\000c\000\040\000I\000n\000d\000e\000x}{}% 1
\BOOKMARK [1][-]{section.1.1}{\376\377\0001\000.\0001\000\040\000T\000o\000p\000i\000c\000s}{chapter.1}% 2
\BOOKMARK [0][-]{chapter.2}{\376\377\0002\000\040\000D\000a\000t\000a\000\040\000S\000t\000r\000u\000c\000t\000u\000r\000e\000\040\000I\000n\000d\000e\000x}{}% 3
\BOOKMARK [1][-]{section.2.1}{\376\377\0002\000.\0001\000\040\000D\000a\000t\000a\000\040\000S\000t\000r\000u\000c\000t\000u\000r\000e\000s}{chapter.2}% 4
\BOOKMARK [0][-]{chapter.3}{\376\377\0003\000\040\000F\000i\000l\000e\000\040\000I\000n\000d\000e\000x}{}% 5
\BOOKMARK [1][-]{section.3.1}{\376\377\0003\000.\0001\000\040\000F\000i\000l\000e\000\040\000L\000i\000s\000t}{chapter.3}% 6
\BOOKMARK [0][-]{chapter.4}{\376\377\0004\000\040\000T\000o\000p\000i\000c\000\040\000D\000o\000c\000u\000m\000e\000n\000t\000a\000t\000i\000o\000n}{}% 7
\BOOKMARK [1][-]{section.4.1}{\376\377\0004\000.\0001\000\040\000A\000p\000p\000l\000i\000c\000a\000t\000i\000o\000n\000\040\000L\000a\000y\000e\000r\000\040}{chapter.4}% 8
\BOOKMARK [2][-]{subsection.4.1.1}{\376\377\0004\000.\0001\000.\0001\000\040\000D\000e\000t\000a\000i\000l\000e\000d\000\040\000D\000e\000s\000c\000r\000i\000p\000t\000i\000o\000n}{section.4.1}% 9
\BOOKMARK [2][-]{subsection.4.1.2}{\376\377\0004\000.\0001\000.\0002\000\040\000C\000a\000l\000l\000H\000a\000n\000d\000l\000e\000r\000\040}{section.4.1}% 10
\BOOKMARK [3][-]{subsubsection.4.1.2.1}{\376\377\0004\000.\0001\000.\0002\000.\0001\000\040\000D\000e\000t\000a\000i\000l\000e\000d\000\040\000D\000e\000s\000c\000r\000i\000p\000t\000i\000o\000n}{subsection.4.1.2}% 11
\BOOKMARK [3][-]{subsubsection.4.1.2.2}{\376\377\0004\000.\0001\000.\0002\000.\0002\000\040\000F\000u\000n\000c\000t\000i\000o\000n\000\040\000D\000o\000c\000u\000m\000e\000n\000t\000a\000t\000i\000o\000n}{subsection.4.1.2}% 12
\BOOKMARK [3][-]{subsubsection.4.1.2.3}{\376\377\0004\000.\0001\000.\0002\000.\0003\000\040\000C\000a\000l\000l\000H\000a\000n\000d\000l\000e\000r\000\040\000G\000l\000o\000b\000a\000l\000\040\000C\000o\000n\000f\000i\000g\000\040}{subsection.4.1.2}% 13
\BOOKMARK [2][-]{subsection.4.1.3}{\376\377\0004\000.\0001\000.\0003\000\040\000E\000l\000e\000v\000a\000t\000o\000r\000C\000o\000n\000t\000r\000o\000l\000l\000e\000r\000\040}{section.4.1}% 14
\BOOKMARK [3][-]{subsubsection.4.1.3.1}{\376\377\0004\000.\0001\000.\0003\000.\0001\000\040\000D\000e\000t\000a\000i\000l\000e\000d\000\040\000D\000e\000s\000c\000r\000i\000p\000t\000i\000o\000n}{subsection.4.1.3}% 15
\BOOKMARK [3][-]{subsubsection.4.1.3.2}{\376\377\0004\000.\0001\000.\0003\000.\0002\000\040\000F\000u\000n\000c\000t\000i\000o\000n\000\040\000D\000o\000c\000u\000m\000e\000n\000t\000a\000t\000i\000o\000n}{subsection.4.1.3}% 16
\BOOKMARK [3][-]{subsubsection.4.1.3.3}{\376\377\0004\000.\0001\000.\0003\000.\0003\000\040\000E\000l\000e\000v\000a\000t\000o\000r\000C\000o\000n\000t\000r\000o\000l\000l\000e\000r\000\040\000L\000o\000c\000a\000l\000\040\000C\000o\000n\000f\000i\000g\000\040}{subsection.4.1.3}% 17
\BOOKMARK [3][-]{subsubsection.4.1.3.4}{\376\377\0004\000.\0001\000.\0003\000.\0004\000\040\000E\000l\000e\000v\000a\000t\000o\000r\000C\000o\000n\000t\000r\000o\000l\000l\000e\000r\000\040\000G\000l\000o\000b\000a\000l\000\040\000C\000o\000n\000f\000i\000g\000\040}{subsection.4.1.3}% 18
\BOOKMARK [2][-]{subsection.4.1.4}{\376\377\0004\000.\0001\000.\0004\000\040\000L\000E\000D\000C\000o\000n\000t\000r\000o\000l\000l\000e\000r\000\040}{section.4.1}% 19
\BOOKMARK [3][-]{subsubsection.4.1.4.1}{\376\377\0004\000.\0001\000.\0004\000.\0001\000\040\000D\000e\000t\000a\000i\000l\000e\000d\000\040\000D\000e\000s\000c\000r\000i\000p\000t\000i\000o\000n}{subsection.4.1.4}% 20
\BOOKMARK [3][-]{subsubsection.4.1.4.2}{\376\377\0004\000.\0001\000.\0004\000.\0002\000\040\000F\000u\000n\000c\000t\000i\000o\000n\000\040\000D\000o\000c\000u\000m\000e\000n\000t\000a\000t\000i\000o\000n}{subsection.4.1.4}% 21
\BOOKMARK [3][-]{subsubsection.4.1.4.3}{\376\377\0004\000.\0001\000.\0004\000.\0003\000\040\000L\000E\000D\000C\000o\000n\000t\000r\000o\000l\000l\000e\000r\000\040\000G\000l\000o\000b\000a\000l\000\040\000C\000o\000n\000f\000i\000g\000\040}{subsection.4.1.4}% 22
\BOOKMARK [2][-]{subsection.4.1.5}{\376\377\0004\000.\0001\000.\0005\000\040\000M\000a\000i\000n\000\040}{section.4.1}% 23
\BOOKMARK [3][-]{subsubsection.4.1.5.1}{\376\377\0004\000.\0001\000.\0005\000.\0001\000\040\000D\000e\000t\000a\000i\000l\000e\000d\000\040\000D\000e\000s\000c\000r\000i\000p\000t\000i\000o\000n}{subsection.4.1.5}% 24
\BOOKMARK [3][-]{subsubsection.4.1.5.2}{\376\377\0004\000.\0001\000.\0005\000.\0002\000\040\000F\000u\000n\000c\000t\000i\000o\000n\000\040\000D\000o\000c\000u\000m\000e\000n\000t\000a\000t\000i\000o\000n}{subsection.4.1.5}% 25
\BOOKMARK [2][-]{subsection.4.1.6}{\376\377\0004\000.\0001\000.\0006\000\040\000M\000e\000n\000u\000\040}{section.4.1}% 26
\BOOKMARK [3][-]{subsubsection.4.1.6.1}{\376\377\0004\000.\0001\000.\0006\000.\0001\000\040\000D\000e\000t\000a\000i\000l\000e\000d\000\040\000D\000e\000s\000c\000r\000i\000p\000t\000i\000o\000n}{subsection.4.1.6}% 27
\BOOKMARK [3][-]{subsubsection.4.1.6.2}{\376\377\0004\000.\0001\000.\0006\000.\0002\000\040\000F\000u\000n\000c\000t\000i\000o\000n\000\040\000D\000o\000c\000u\000m\000e\000n\000t\000a\000t\000i\000o\000n}{subsection.4.1.6}% 28
\BOOKMARK [3][-]{subsubsection.4.1.6.3}{\376\377\0004\000.\0001\000.\0006\000.\0003\000\040\000M\000e\000n\000u\000\040\000G\000l\000o\000b\000a\000l\000\040\000C\000o\000n\000f\000i\000g\000\040}{subsection.4.1.6}% 29
\BOOKMARK [2][-]{subsection.4.1.7}{\376\377\0004\000.\0001\000.\0007\000\040\000M\000o\000t\000i\000o\000n\000C\000o\000n\000t\000r\000o\000l\000l\000e\000r\000\040}{section.4.1}% 30
\BOOKMARK [3][-]{subsubsection.4.1.7.1}{\376\377\0004\000.\0001\000.\0007\000.\0001\000\040\000D\000e\000t\000a\000i\000l\000e\000d\000\040\000D\000e\000s\000c\000r\000i\000p\000t\000i\000o\000n}{subsection.4.1.7}% 31
\BOOKMARK [3][-]{subsubsection.4.1.7.2}{\376\377\0004\000.\0001\000.\0007\000.\0002\000\040\000F\000u\000n\000c\000t\000i\000o\000n\000\040\000D\000o\000c\000u\000m\000e\000n\000t\000a\000t\000i\000o\000n}{subsection.4.1.7}% 32
\BOOKMARK [3][-]{subsubsection.4.1.7.3}{\376\377\0004\000.\0001\000.\0007\000.\0003\000\040\000M\000o\000t\000i\000o\000n\000C\000o\000n\000t\000r\000o\000l\000l\000e\000r\000\040\000G\000l\000o\000b\000a\000l\000\040\000C\000o\000n\000f\000i\000g\000\040}{subsection.4.1.7}% 33
\BOOKMARK [0][-]{chapter.5}{\376\377\0005\000\040\000D\000a\000t\000a\000\040\000S\000t\000r\000u\000c\000t\000u\000r\000e\000\040\000D\000o\000c\000u\000m\000e\000n\000t\000a\000t\000i\000o\000n}{}% 34
\BOOKMARK [1][-]{section.5.1}{\376\377\0005\000.\0001\000\040\000C\000a\000l\000l\000D\000i\000o\000C\000o\000n\000f\000i\000g\000\137\000t\000\040\000S\000t\000r\000u\000c\000t\000\040\000R\000e\000f\000e\000r\000e\000n\000c\000e}{chapter.5}% 35
\BOOKMARK [1][-]{section.5.2}{\376\377\0005\000.\0002\000\040\000E\000l\000e\000v\000a\000t\000o\000r\000\137\000t\000\040\000S\000t\000r\000u\000c\000t\000\040\000R\000e\000f\000e\000r\000e\000n\000c\000e}{chapter.5}% 36
\BOOKMARK [2][-]{subsection.5.2.1}{\376\377\0005\000.\0002\000.\0001\000\040\000D\000e\000t\000a\000i\000l\000e\000d\000\040\000D\000e\000s\000c\000r\000i\000p\000t\000i\000o\000n}{section.5.2}% 37
\BOOKMARK [2][-]{subsection.5.2.2}{\376\377\0005\000.\0002\000.\0002\000\040\000F\000i\000e\000l\000d\000\040\000D\000o\000c\000u\000m\000e\000n\000t\000a\000t\000i\000o\000n}{section.5.2}% 38
\BOOKMARK [3][-]{subsubsection.5.2.2.1}{\376\377\0005\000.\0002\000.\0002\000.\0001\000\040\000a\000e\000n\000u\000F\000l\000o\000o\000r\000C\000a\000l\000l\000s}{subsection.5.2.2}% 39
\BOOKMARK [3][-]{subsubsection.5.2.2.2}{\376\377\0005\000.\0002\000.\0002\000.\0002\000\040\000b\000E\000m\000e\000r\000g\000e\000n\000c\000y\000S\000t\000o\000p}{subsection.5.2.2}% 40
\BOOKMARK [3][-]{subsubsection.5.2.2.3}{\376\377\0005\000.\0002\000.\0002\000.\0003\000\040\000e\000n\000u\000C\000o\000l\000l\000D\000i\000r}{subsection.5.2.2}% 41
\BOOKMARK [3][-]{subsubsection.5.2.2.4}{\376\377\0005\000.\0002\000.\0002\000.\0004\000\040\000e\000n\000u\000D\000i\000r\000e\000c\000t\000i\000o\000n}{subsection.5.2.2}% 42
\BOOKMARK [3][-]{subsubsection.5.2.2.5}{\376\377\0005\000.\0002\000.\0002\000.\0005\000\040\000e\000n\000u\000D\000o\000o\000r\000S\000t\000a\000t\000e}{subsection.5.2.2}% 43
\BOOKMARK [3][-]{subsubsection.5.2.2.6}{\376\377\0005\000.\0002\000.\0002\000.\0006\000\040\000e\000n\000u\000D\000o\000o\000r\000T\000y\000p\000e}{subsection.5.2.2}% 44
\BOOKMARK [3][-]{subsubsection.5.2.2.7}{\376\377\0005\000.\0002\000.\0002\000.\0007\000\040\000e\000n\000u\000O\000p\000e\000r\000a\000t\000i\000n\000g\000M\000o\000d\000e}{subsection.5.2.2}% 45
\BOOKMARK [3][-]{subsubsection.5.2.2.8}{\376\377\0005\000.\0002\000.\0002\000.\0008\000\040\000u\0001\0006\000D\000o\000o\000r\000T\000i\000m\000e\000r}{subsection.5.2.2}% 46
\BOOKMARK [3][-]{subsubsection.5.2.2.9}{\376\377\0005\000.\0002\000.\0002\000.\0009\000\040\000u\0008\000C\000a\000b\000i\000n\000P\000w\000d}{subsection.5.2.2}% 47
\BOOKMARK [3][-]{subsubsection.5.2.2.10}{\376\377\0005\000.\0002\000.\0002\000.\0001\0000\000\040\000u\0008\000C\000a\000m\000F\000a\000i\000l\000C\000n\000t}{subsection.5.2.2}% 48
\BOOKMARK [3][-]{subsubsection.5.2.2.11}{\376\377\0005\000.\0002\000.\0002\000.\0001\0001\000\040\000u\0008\000C\000a\000m\000T\000i\000m\000e\000r}{subsection.5.2.2}% 49
\BOOKMARK [3][-]{subsubsection.5.2.2.12}{\376\377\0005\000.\0002\000.\0002\000.\0001\0002\000\040\000u\0008\000C\000o\000l\000l\000e\000c\000t\000i\000o\000n\000D\000i\000r}{subsection.5.2.2}% 50
\BOOKMARK [3][-]{subsubsection.5.2.2.13}{\376\377\0005\000.\0002\000.\0002\000.\0001\0003\000\040\000u\0008\000C\000u\000r\000r\000e\000n\000t\000F\000l\000o\000o\000r}{subsection.5.2.2}% 51
\BOOKMARK [3][-]{subsubsection.5.2.2.14}{\376\377\0005\000.\0002\000.\0002\000.\0001\0004\000\040\000u\0008\000D\000e\000s\000t\000i\000n\000a\000t\000i\000o\000n\000F\000l\000o\000o\000r}{subsection.5.2.2}% 52
\BOOKMARK [3][-]{subsubsection.5.2.2.15}{\376\377\0005\000.\0002\000.\0002\000.\0001\0005\000\040\000u\0008\000F\000a\000s\000t\000T\000i\000m\000e\000r}{subsection.5.2.2}% 53
\BOOKMARK [3][-]{subsubsection.5.2.2.16}{\376\377\0005\000.\0002\000.\0002\000.\0001\0006\000\040\000u\0008\000F\000l\000o\000o\000r\000C\000o\000u\000n\000t}{subsection.5.2.2}% 54
\BOOKMARK [3][-]{subsubsection.5.2.2.17}{\376\377\0005\000.\0002\000.\0002\000.\0001\0007\000\040\000u\0008\000L\000i\000g\000h\000t\000T\000i\000m\000e\000r}{subsection.5.2.2}% 55
\BOOKMARK [3][-]{subsubsection.5.2.2.18}{\376\377\0005\000.\0002\000.\0002\000.\0001\0008\000\040\000u\0008\000M\000n\000t\000S\000p\000e\000e\000d}{subsection.5.2.2}% 56
\BOOKMARK [3][-]{subsubsection.5.2.2.19}{\376\377\0005\000.\0002\000.\0002\000.\0001\0009\000\040\000u\0008\000P\000a\000r\000k\000F\000l\000o\000o\000r}{subsection.5.2.2}% 57
\BOOKMARK [3][-]{subsubsection.5.2.2.20}{\376\377\0005\000.\0002\000.\0002\000.\0002\0000\000\040\000u\0008\000P\000h\000s\000S\000e\000q}{subsection.5.2.2}% 58
\BOOKMARK [3][-]{subsubsection.5.2.2.21}{\376\377\0005\000.\0002\000.\0002\000.\0002\0001\000\040\000u\0008\000S\000l\000o\000w\000T\000i\000m\000e\000r}{subsection.5.2.2}% 59
\BOOKMARK [3][-]{subsubsection.5.2.2.22}{\376\377\0005\000.\0002\000.\0002\000.\0002\0002\000\040\000u\0008\000S\000t\000o\000p\000T\000i\000m\000e\000r}{subsection.5.2.2}% 60
\BOOKMARK [1][-]{section.5.3}{\376\377\0005\000.\0003\000\040\000F\000l\000o\000o\000r\000L\000E\000D\000\137\000t\000\040\000S\000t\000r\000u\000c\000t\000\040\000R\000e\000f\000e\000r\000e\000n\000c\000e}{chapter.5}% 61
\BOOKMARK [2][-]{subsection.5.3.1}{\376\377\0005\000.\0003\000.\0001\000\040\000D\000e\000t\000a\000i\000l\000e\000d\000\040\000D\000e\000s\000c\000r\000i\000p\000t\000i\000o\000n}{section.5.3}% 62
\BOOKMARK [2][-]{subsection.5.3.2}{\376\377\0005\000.\0003\000.\0002\000\040\000F\000i\000e\000l\000d\000\040\000D\000o\000c\000u\000m\000e\000n\000t\000a\000t\000i\000o\000n}{section.5.3}% 63
\BOOKMARK [3][-]{subsubsection.5.3.2.1}{\376\377\0005\000.\0003\000.\0002\000.\0001\000\040\000b\000I\000s\000A\000c\000t\000i\000v\000e}{subsection.5.3.2}% 64
\BOOKMARK [3][-]{subsubsection.5.3.2.2}{\376\377\0005\000.\0003\000.\0002\000.\0002\000\040\000b\000L\000E\000D\000S\000t\000a\000t\000e}{subsection.5.3.2}% 65
\BOOKMARK [3][-]{subsubsection.5.3.2.3}{\376\377\0005\000.\0003\000.\0002\000.\0003\000\040\000e\000n\000u\000L\000E\000D\000C\000a\000l\000l\000T\000y\000p\000e}{subsection.5.3.2}% 66
\BOOKMARK [3][-]{subsubsection.5.3.2.4}{\376\377\0005\000.\0003\000.\0002\000.\0004\000\040\000u\0001\0006\000B\000l\000i\000n\000k\000T\000i\000m\000e\000r}{subsection.5.3.2}% 67
\BOOKMARK [1][-]{section.5.4}{\376\377\0005\000.\0004\000\040\000L\000E\000D\000C\000o\000n\000f\000i\000g\000\137\000t\000\040\000S\000t\000r\000u\000c\000t\000\040\000R\000e\000f\000e\000r\000e\000n\000c\000e}{chapter.5}% 68
\BOOKMARK [2][-]{subsection.5.4.1}{\376\377\0005\000.\0004\000.\0001\000\040\000D\000e\000t\000a\000i\000l\000e\000d\000\040\000D\000e\000s\000c\000r\000i\000p\000t\000i\000o\000n}{section.5.4}% 69
\BOOKMARK [2][-]{subsection.5.4.2}{\376\377\0005\000.\0004\000.\0002\000\040\000F\000i\000e\000l\000d\000\040\000D\000o\000c\000u\000m\000e\000n\000t\000a\000t\000i\000o\000n}{section.5.4}% 70
\BOOKMARK [3][-]{subsubsection.5.4.2.1}{\376\377\0005\000.\0004\000.\0002\000.\0001\000\040\000e\000n\000u\000P\000a\000t\000t\000e\000r\000n}{subsection.5.4.2}% 71
\BOOKMARK [3][-]{subsubsection.5.4.2.2}{\376\377\0005\000.\0004\000.\0002\000.\0002\000\040\000u\0001\0006\000O\000f\000f\000T\000i\000m\000e}{subsection.5.4.2}% 72
\BOOKMARK [3][-]{subsubsection.5.4.2.3}{\376\377\0005\000.\0004\000.\0002\000.\0003\000\040\000u\0001\0006\000O\000n\000T\000i\000m\000e}{subsection.5.4.2}% 73
\BOOKMARK [3][-]{subsubsection.5.4.2.4}{\376\377\0005\000.\0004\000.\0002\000.\0004\000\040\000u\0008\000L\000e\000d\000I\000d}{subsection.5.4.2}% 74
\BOOKMARK [1][-]{section.5.5}{\376\377\0005\000.\0005\000\040\000L\000E\000D\000H\000W\000C\000o\000n\000f\000i\000g\000\137\000t\000\040\000S\000t\000r\000u\000c\000t\000\040\000R\000e\000f\000e\000r\000e\000n\000c\000e}{chapter.5}% 75
\BOOKMARK [2][-]{subsection.5.5.1}{\376\377\0005\000.\0005\000.\0001\000\040\000D\000e\000t\000a\000i\000l\000e\000d\000\040\000D\000e\000s\000c\000r\000i\000p\000t\000i\000o\000n}{section.5.5}% 76
\BOOKMARK [2][-]{subsection.5.5.2}{\376\377\0005\000.\0005\000.\0002\000\040\000F\000i\000e\000l\000d\000\040\000D\000o\000c\000u\000m\000e\000n\000t\000a\000t\000i\000o\000n}{section.5.5}% 77
\BOOKMARK [3][-]{subsubsection.5.5.2.1}{\376\377\0005\000.\0005\000.\0002\000.\0001\000\040\000u\0008\000B\000i\000t\000P\000o\000s}{subsection.5.5.2}% 78
\BOOKMARK [3][-]{subsubsection.5.5.2.2}{\376\377\0005\000.\0005\000.\0002\000.\0002\000\040\000u\0008\000L\000a\000t\000c\000h\000I\000n\000d\000e\000x}{subsection.5.5.2}% 79
\BOOKMARK [1][-]{section.5.6}{\376\377\0005\000.\0006\000\040\000L\000E\000D\000S\000t\000a\000t\000u\000s\000\137\000t\000\040\000S\000t\000r\000u\000c\000t\000\040\000R\000e\000f\000e\000r\000e\000n\000c\000e}{chapter.5}% 80
\BOOKMARK [1][-]{section.5.7}{\376\377\0005\000.\0007\000\040\000M\000e\000n\000u\000I\000t\000e\000m\000\137\000t\000\040\000S\000t\000r\000u\000c\000t\000\040\000R\000e\000f\000e\000r\000e\000n\000c\000e}{chapter.5}% 81
\BOOKMARK [2][-]{subsection.5.7.1}{\376\377\0005\000.\0007\000.\0001\000\040\000D\000e\000t\000a\000i\000l\000e\000d\000\040\000D\000e\000s\000c\000r\000i\000p\000t\000i\000o\000n}{section.5.7}% 82
\BOOKMARK [2][-]{subsection.5.7.2}{\376\377\0005\000.\0007\000.\0002\000\040\000F\000i\000e\000l\000d\000\040\000D\000o\000c\000u\000m\000e\000n\000t\000a\000t\000i\000o\000n}{section.5.7}% 83
\BOOKMARK [3][-]{subsubsection.5.7.2.1}{\376\377\0005\000.\0007\000.\0002\000.\0001\000\040\000e\000e\000p\000r\000o\000m\000A\000d\000d\000r\000e\000s\000s}{subsection.5.7.2}% 84
\BOOKMARK [3][-]{subsubsection.5.7.2.2}{\376\377\0005\000.\0007\000.\0002\000.\0002\000\040\000l\000a\000b\000e\000l}{subsection.5.7.2}% 85
\BOOKMARK [3][-]{subsubsection.5.7.2.3}{\376\377\0005\000.\0007\000.\0002\000.\0003\000\040\000m\000a\000x\000V\000a\000l\000u\000e}{subsection.5.7.2}% 86
\BOOKMARK [3][-]{subsubsection.5.7.2.4}{\376\377\0005\000.\0007\000.\0002\000.\0004\000\040\000m\000i\000n\000V\000a\000l\000u\000e}{subsection.5.7.2}% 87
\BOOKMARK [3][-]{subsubsection.5.7.2.5}{\376\377\0005\000.\0007\000.\0002\000.\0005\000\040\000v\000a\000l\000u\000e}{subsection.5.7.2}% 88
\BOOKMARK [0][-]{chapter.6}{\376\377\0006\000\040\000F\000i\000l\000e\000\040\000D\000o\000c\000u\000m\000e\000n\000t\000a\000t\000i\000o\000n}{}% 89
\BOOKMARK [1][-]{section.6.1}{\376\377\0006\000.\0001\000\040\000C\000a\000l\000l\000H\000a\000n\000d\000l\000e\000r\000\137\000l\000c\000f\000g\000.\000h}{chapter.6}% 90
\BOOKMARK [1][-]{section.6.2}{\376\377\0006\000.\0002\000\040\000C\000a\000l\000l\000H\000a\000n\000d\000l\000e\000r\000/\000i\000n\000t\000e\000r\000f\000a\000c\000e\000s\000/\000C\000a\000l\000l\000H\000a\000n\000d\000l\000e\000r\000.\000h\000\040\000F\000i\000l\000e\000\040\000R\000e\000f\000e\000r\000e\000n\000c\000e}{chapter.6}% 91
\BOOKMARK [1][-]{section.6.3}{\376\377\0006\000.\0003\000\040\000C\000a\000l\000l\000H\000a\000n\000d\000l\000e\000r\000.\000h}{chapter.6}% 92
\BOOKMARK [1][-]{section.6.4}{\376\377\0006\000.\0004\000\040\000C\000a\000l\000l\000H\000a\000n\000d\000l\000e\000r\000/\000i\000n\000t\000e\000r\000f\000a\000c\000e\000s\000/\000C\000a\000l\000l\000H\000a\000n\000d\000l\000e\000r\000\137\000g\000c\000f\000g\000.\000h\000\040\000F\000i\000l\000e\000\040\000R\000e\000f\000e\000r\000e\000n\000c\000e}{chapter.6}% 93
\BOOKMARK [2][-]{subsection.6.4.1}{\376\377\0006\000.\0004\000.\0001\000\040\000D\000e\000t\000a\000i\000l\000e\000d\000\040\000D\000e\000s\000c\000r\000i\000p\000t\000i\000o\000n}{section.6.4}% 94
\BOOKMARK [1][-]{section.6.5}{\376\377\0006\000.\0005\000\040\000C\000a\000l\000l\000H\000a\000n\000d\000l\000e\000r\000\137\000g\000c\000f\000g\000.\000h}{chapter.6}% 95
\BOOKMARK [1][-]{section.6.6}{\376\377\0006\000.\0006\000\040\000E\000l\000e\000v\000a\000t\000o\000r\000C\000o\000n\000t\000r\000o\000l\000l\000e\000r\000/\000i\000n\000c\000l\000u\000d\000e\000s\000/\000E\000l\000e\000v\000a\000t\000o\000r\000C\000o\000n\000t\000r\000o\000l\000l\000e\000r\000\137\000l\000c\000f\000g\000.\000h\000\040\000F\000i\000l\000e\000\040\000R\000e\000f\000e\000r\000e\000n\000c\000e}{chapter.6}% 96
\BOOKMARK [2][-]{subsection.6.6.1}{\376\377\0006\000.\0006\000.\0001\000\040\000D\000e\000t\000a\000i\000l\000e\000d\000\040\000D\000e\000s\000c\000r\000i\000p\000t\000i\000o\000n}{section.6.6}% 97
\BOOKMARK [1][-]{section.6.7}{\376\377\0006\000.\0007\000\040\000E\000l\000e\000v\000a\000t\000o\000r\000C\000o\000n\000t\000r\000o\000l\000l\000e\000r\000\137\000l\000c\000f\000g\000.\000h}{chapter.6}% 98
\BOOKMARK [1][-]{section.6.8}{\376\377\0006\000.\0008\000\040\000E\000l\000e\000v\000a\000t\000o\000r\000C\000o\000n\000t\000r\000o\000l\000l\000e\000r\000/\000i\000n\000t\000e\000r\000f\000a\000c\000e\000s\000/\000E\000l\000e\000v\000a\000t\000o\000r\000C\000o\000n\000t\000r\000o\000l\000l\000e\000r\000.\000h\000\040\000F\000i\000l\000e\000\040\000R\000e\000f\000e\000r\000e\000n\000c\000e}{chapter.6}% 99
\BOOKMARK [2][-]{subsection.6.8.1}{\376\377\0006\000.\0008\000.\0001\000\040\000D\000e\000t\000a\000i\000l\000e\000d\000\040\000D\000e\000s\000c\000r\000i\000p\000t\000i\000o\000n}{section.6.8}% 100
\BOOKMARK [1][-]{section.6.9}{\376\377\0006\000.\0009\000\040\000E\000l\000e\000v\000a\000t\000o\000r\000C\000o\000n\000t\000r\000o\000l\000l\000e\000r\000.\000h}{chapter.6}% 101
\BOOKMARK [1][-]{section.6.10}{\376\377\0006\000.\0001\0000\000\040\000E\000l\000e\000v\000a\000t\000o\000r\000C\000o\000n\000t\000r\000o\000l\000l\000e\000r\000/\000i\000n\000t\000e\000r\000f\000a\000c\000e\000s\000/\000E\000l\000e\000v\000a\000t\000o\000r\000C\000o\000n\000t\000r\000o\000l\000l\000e\000r\000\137\000g\000c\000f\000g\000.\000h\000\040\000F\000i\000l\000e\000\040\000R\000e\000f\000e\000r\000e\000n\000c\000e}{chapter.6}% 102
\BOOKMARK [2][-]{subsection.6.10.1}{\376\377\0006\000.\0001\0000\000.\0001\000\040\000D\000e\000t\000a\000i\000l\000e\000d\000\040\000D\000e\000s\000c\000r\000i\000p\000t\000i\000o\000n}{section.6.10}% 103
\BOOKMARK [2][-]{subsection.6.10.2}{\376\377\0006\000.\0001\0000\000.\0002\000\040\000E\000n\000u\000m\000e\000r\000a\000t\000i\000o\000n\000\040\000T\000y\000p\000e\000\040\000D\000o\000c\000u\000m\000e\000n\000t\000a\000t\000i\000o\000n}{section.6.10}% 104
\BOOKMARK [3][-]{subsubsection.6.10.2.1}{\376\377\0006\000.\0001\0000\000.\0002\000.\0001\000\040\000C\000o\000l\000l\000D\000i\000r\000\137\000t}{subsection.6.10.2}% 105
\BOOKMARK [3][-]{subsubsection.6.10.2.2}{\376\377\0006\000.\0001\0000\000.\0002\000.\0002\000\040\000D\000o\000o\000r\000S\000t\000a\000t\000e\000\137\000t}{subsection.6.10.2}% 106
\BOOKMARK [3][-]{subsubsection.6.10.2.3}{\376\377\0006\000.\0001\0000\000.\0002\000.\0003\000\040\000D\000o\000o\000r\000T\000y\000p\000e\000\137\000t}{subsection.6.10.2}% 107
\BOOKMARK [3][-]{subsubsection.6.10.2.4}{\376\377\0006\000.\0001\0000\000.\0002\000.\0004\000\040\000M\000o\000v\000e\000D\000i\000r\000e\000c\000t\000i\000o\000n\000\137\000t}{subsection.6.10.2}% 108
\BOOKMARK [3][-]{subsubsection.6.10.2.5}{\376\377\0006\000.\0001\0000\000.\0002\000.\0005\000\040\000O\000p\000e\000r\000a\000t\000i\000n\000g\000M\000o\000d\000e\000\137\000t}{subsection.6.10.2}% 109
\BOOKMARK [1][-]{section.6.11}{\376\377\0006\000.\0001\0001\000\040\000E\000l\000e\000v\000a\000t\000o\000r\000C\000o\000n\000t\000r\000o\000l\000l\000e\000r\000\137\000g\000c\000f\000g\000.\000h}{chapter.6}% 110
\BOOKMARK [1][-]{section.6.12}{\376\377\0006\000.\0001\0002\000\040\000L\000E\000D\000C\000o\000n\000t\000r\000o\000l\000l\000e\000r\000\137\000l\000c\000f\000g\000.\000h}{chapter.6}% 111
\BOOKMARK [1][-]{section.6.13}{\376\377\0006\000.\0001\0003\000\040\000L\000E\000D\000C\000o\000n\000t\000r\000o\000l\000l\000e\000r\000/\000i\000n\000t\000e\000r\000f\000a\000c\000e\000s\000/\000L\000E\000D\000C\000o\000n\000t\000r\000o\000l\000l\000e\000r\000.\000h\000\040\000F\000i\000l\000e\000\040\000R\000e\000f\000e\000r\000e\000n\000c\000e}{chapter.6}% 112
\BOOKMARK [2][-]{subsection.6.13.1}{\376\377\0006\000.\0001\0003\000.\0001\000\040\000D\000e\000t\000a\000i\000l\000e\000d\000\040\000D\000e\000s\000c\000r\000i\000p\000t\000i\000o\000n}{section.6.13}% 113
\BOOKMARK [1][-]{section.6.14}{\376\377\0006\000.\0001\0004\000\040\000L\000E\000D\000C\000o\000n\000t\000r\000o\000l\000l\000e\000r\000.\000h}{chapter.6}% 114
\BOOKMARK [1][-]{section.6.15}{\376\377\0006\000.\0001\0005\000\040\000L\000E\000D\000C\000o\000n\000t\000r\000o\000l\000l\000e\000r\000/\000i\000n\000t\000e\000r\000f\000a\000c\000e\000s\000/\000L\000E\000D\000C\000o\000n\000t\000r\000o\000l\000l\000e\000r\000\137\000g\000c\000f\000g\000.\000h\000\040\000F\000i\000l\000e\000\040\000R\000e\000f\000e\000r\000e\000n\000c\000e}{chapter.6}% 115
\BOOKMARK [2][-]{subsection.6.15.1}{\376\377\0006\000.\0001\0005\000.\0001\000\040\000D\000e\000t\000a\000i\000l\000e\000d\000\040\000D\000e\000s\000c\000r\000i\000p\000t\000i\000o\000n}{section.6.15}% 116
\BOOKMARK [1][-]{section.6.16}{\376\377\0006\000.\0001\0006\000\040\000L\000E\000D\000C\000o\000n\000t\000r\000o\000l\000l\000e\000r\000\137\000g\000c\000f\000g\000.\000h}{chapter.6}% 117
\BOOKMARK [1][-]{section.6.17}{\376\377\0006\000.\0001\0007\000\040\000m\000a\000i\000n\000.\000c\000\040\000F\000i\000l\000e\000\040\000R\000e\000f\000e\000r\000e\000n\000c\000e}{chapter.6}% 118
\BOOKMARK [2][-]{subsection.6.17.1}{\376\377\0006\000.\0001\0007\000.\0001\000\040\000D\000e\000t\000a\000i\000l\000e\000d\000\040\000D\000e\000s\000c\000r\000i\000p\000t\000i\000o\000n}{section.6.17}% 119
\BOOKMARK [1][-]{section.6.18}{\376\377\0006\000.\0001\0008\000\040\000M\000e\000n\000u\000\137\000l\000c\000f\000g\000.\000h}{chapter.6}% 120
\BOOKMARK [1][-]{section.6.19}{\376\377\0006\000.\0001\0009\000\040\000M\000e\000n\000u\000/\000i\000n\000t\000e\000r\000f\000a\000c\000e\000s\000/\000M\000e\000n\000u\000.\000h\000\040\000F\000i\000l\000e\000\040\000R\000e\000f\000e\000r\000e\000n\000c\000e}{chapter.6}% 121
\BOOKMARK [2][-]{subsection.6.19.1}{\376\377\0006\000.\0001\0009\000.\0001\000\040\000D\000e\000t\000a\000i\000l\000e\000d\000\040\000D\000e\000s\000c\000r\000i\000p\000t\000i\000o\000n}{section.6.19}% 122
\BOOKMARK [1][-]{section.6.20}{\376\377\0006\000.\0002\0000\000\040\000M\000e\000n\000u\000.\000h}{chapter.6}% 123
\BOOKMARK [1][-]{section.6.21}{\376\377\0006\000.\0002\0001\000\040\000M\000e\000n\000u\000/\000i\000n\000t\000e\000r\000f\000a\000c\000e\000s\000/\000M\000e\000n\000u\000\137\000g\000c\000f\000g\000.\000h\000\040\000F\000i\000l\000e\000\040\000R\000e\000f\000e\000r\000e\000n\000c\000e}{chapter.6}% 124
\BOOKMARK [2][-]{subsection.6.21.1}{\376\377\0006\000.\0002\0001\000.\0001\000\040\000D\000e\000t\000a\000i\000l\000e\000d\000\040\000D\000e\000s\000c\000r\000i\000p\000t\000i\000o\000n}{section.6.21}% 125
\BOOKMARK [1][-]{section.6.22}{\376\377\0006\000.\0002\0002\000\040\000M\000e\000n\000u\000\137\000g\000c\000f\000g\000.\000h}{chapter.6}% 126
\BOOKMARK [1][-]{section.6.23}{\376\377\0006\000.\0002\0003\000\040\000M\000o\000t\000i\000o\000n\000C\000o\000n\000t\000r\000o\000l\000l\000e\000r\000\137\000l\000c\000f\000g\000.\000h}{chapter.6}% 127
\BOOKMARK [1][-]{section.6.24}{\376\377\0006\000.\0002\0004\000\040\000M\000o\000t\000i\000o\000n\000C\000o\000n\000t\000r\000o\000l\000l\000e\000r\000/\000i\000n\000t\000e\000r\000f\000a\000c\000e\000s\000/\000M\000o\000t\000i\000o\000n\000C\000o\000n\000t\000r\000o\000l\000l\000e\000r\000.\000h\000\040\000F\000i\000l\000e\000\040\000R\000e\000f\000e\000r\000e\000n\000c\000e}{chapter.6}% 128
\BOOKMARK [2][-]{subsection.6.24.1}{\376\377\0006\000.\0002\0004\000.\0001\000\040\000D\000e\000t\000a\000i\000l\000e\000d\000\040\000D\000e\000s\000c\000r\000i\000p\000t\000i\000o\000n}{section.6.24}% 129
\BOOKMARK [1][-]{section.6.25}{\376\377\0006\000.\0002\0005\000\040\000M\000o\000t\000i\000o\000n\000C\000o\000n\000t\000r\000o\000l\000l\000e\000r\000.\000h}{chapter.6}% 130
\BOOKMARK [1][-]{section.6.26}{\376\377\0006\000.\0002\0006\000\040\000M\000o\000t\000i\000o\000n\000C\000o\000n\000t\000r\000o\000l\000l\000e\000r\000/\000i\000n\000t\000e\000r\000f\000a\000c\000e\000s\000/\000M\000o\000t\000i\000o\000n\000C\000o\000n\000t\000r\000o\000l\000l\000e\000r\000\137\000g\000c\000f\000g\000.\000h\000\040\000F\000i\000l\000e\000\040\000R\000e\000f\000e\000r\000e\000n\000c\000e}{chapter.6}% 131
\BOOKMARK [2][-]{subsection.6.26.1}{\376\377\0006\000.\0002\0006\000.\0001\000\040\000D\000e\000t\000a\000i\000l\000e\000d\000\040\000D\000e\000s\000c\000r\000i\000p\000t\000i\000o\000n}{section.6.26}% 132
\BOOKMARK [1][-]{section.6.27}{\376\377\0006\000.\0002\0007\000\040\000M\000o\000t\000i\000o\000n\000C\000o\000n\000t\000r\000o\000l\000l\000e\000r\000\137\000g\000c\000f\000g\000.\000h}{chapter.6}% 133
\BOOKMARK [0][-]{section*.57}{\376\377\000I\000n\000d\000e\000x}{}% 134
